// Jest Snapshot v1, https://goo.gl/fbAQLP

exports[`Flags > --context > should apply #0 1`] = `
Object {
  "context": "<PROJECT_ROOT>/test/fixtures/common",
  "entry": "./entry-a.js",
  "mode": "development",
  "plugins": Array [
    NamedModulesPlugin {
      "options": Object {},
    },
  ],
  "reporter": "<PROJECT_ROOT>/test/fixtures/common/test-reporter.js",
}
`;

exports[`Flags > --context > should build #0 1`] = `
"Version: webpack 4.39.2
  Asset     Size  Chunks             Chunk Names
main.js  3.8 KiB    main  [emitted]  main
Entrypoint main = main.js
[./entry-a.js] 40 bytes {main} [built]"
`;
