// Jest Snapshot v1, https://goo.gl/fbAQLP

exports[`Flags > --entry > multi should apply #0 1`] = `
Object {
  "entry": Object {
    "main": Array [
      "./test/fixtures/common/entry-a.js",
      "./test/fixtures/common/entry-b.js",
    ],
  },
  "mode": "development",
  "plugins": Array [
    NamedModulesPlugin {
      "options": Object {},
    },
  ],
  "reporter": "<PROJECT_ROOT>/test/fixtures/common/test-reporter.js",
}
`;

exports[`Flags > --entry > multi should build #0 1`] = `
"Version: webpack 4.39.2
  Asset      Size  Chunks             Chunk Names
main.js  4.94 KiB    main  [emitted]  main
Entrypoint main = main.js
[0] multi ./test/fixtures/common/entry-a.js ./test/fixtures/common/entry-b.js 40 bytes {main} [built]
[./test/fixtures/common/entry-a.js] 40 bytes {main} [built]
[./test/fixtures/common/entry-b.js] 40 bytes {main} [built]"
`;

exports[`Flags > --entry > multi should build #1 1`] = `"73fbdb7c"`;

exports[`Flags > --entry > should parse flag array #0 1`] = `
Object {
  "main": Array [
    "<PROJECT_ROOT>/test/fixtures/common/entry-a.js",
    "<PROJECT_ROOT>/test/fixtures/common/entry-b.js",
  ],
}
`;

exports[`Flags > --entry > should parse flag object #0 1`] = `
Object {
  "a": "<PROJECT_ROOT>/test/fixtures/common/entry-a.js",
  "b": "<PROJECT_ROOT>/test/fixtures/common/entry-b.js",
}
`;

exports[`Flags > --entry > should parse input #0 1`] = `
Object {
  "main": Array [
    "<PROJECT_ROOT>/test/fixtures/common/entry-a.js",
    "<PROJECT_ROOT>/test/fixtures/common/entry-c.js",
  ],
}
`;

exports[`Flags > --entry > should parse input + flag array #0 1`] = `
Object {
  "main": Array [
    "<PROJECT_ROOT>/test/fixtures/common/entry-a.js",
    "<PROJECT_ROOT>/test/fixtures/common/entry-b.js",
    "<PROJECT_ROOT>/test/fixtures/common/entry-c.js",
  ],
}
`;

exports[`Flags > --entry > should parse input + flag object #0 1`] = `
Object {
  "a": "<PROJECT_ROOT>/test/fixtures/common/entry-a.js",
  "b": "<PROJECT_ROOT>/test/fixtures/common/entry-b.js",
  "main": "<PROJECT_ROOT>/test/fixtures/common/entry-a.js",
}
`;

exports[`Flags > --entry > should parse input + single flag #0 1`] = `
Object {
  "main": Array [
    "<PROJECT_ROOT>/test/fixtures/common/entry-a.js",
    "<PROJECT_ROOT>/test/fixtures/common/entry-b.js",
  ],
}
`;

exports[`Flags > --entry > should parse single flag #0 1`] = `
Object {
  "main": "<PROJECT_ROOT>/test/fixtures/common/entry-a.js",
}
`;
