// Jest Snapshot v1, https://goo.gl/fbAQLP

exports[`Flags > --hot > should apply #0 1`] = `
Object {
  "entry": "<PROJECT_ROOT>/test/fixtures/common/entry-a.js",
  "mode": "development",
  "plugins": Array [
    HotModuleReplacementPlugin {
      "fullBuildTimeout": 200,
      "multiStep": undefined,
      "options": Object {},
      "requestTimeout": 10000,
    },
    NamedModulesPlugin {
      "options": Object {},
    },
  ],
  "reporter": "<PROJECT_ROOT>/test/fixtures/common/test-reporter.js",
}
`;

exports[`Flags > --hot > should build #0 1`] = `
"Version: webpack 4.39.2
  Asset    Size  Chunks             Chunk Names
main.js  29 KiB    main  [emitted]  main
Entrypoint main = main.js
[./test/fixtures/common/entry-a.js] 40 bytes {main} [built]"
`;
