// Jest Snapshot v1, https://goo.gl/fbAQLP

exports[`Flags > --plugin > should apply #0 1`] = `
Object {
  "entry": "<PROJECT_ROOT>/test/fixtures/common/entry-a.js",
  "mode": "development",
  "plugins": Array [
    UglifyJsPlugin {
      "options": Object {
        "cache": false,
        "cacheKeys": [Function],
        "chunkFilter": [Function],
        "exclude": undefined,
        "extractComments": false,
        "include": undefined,
        "minify": undefined,
        "parallel": false,
        "sourceMap": false,
        "test": /\\\\\\.js\\(\\\\\\?\\.\\*\\)\\?\\$/i,
        "uglifyOptions": Object {
          "output": Object {
            "comments": /\\^\\\\\\*\\*!\\|@preserve\\|@license\\|@cc_on/i,
          },
        },
        "warningsFilter": [Function],
      },
    },
    NamedModulesPlugin {
      "options": Object {},
    },
  ],
  "reporter": "<PROJECT_ROOT>/test/fixtures/common/test-reporter.js",
}
`;

exports[`Flags > --plugin > should build #0 1`] = `
"Version: webpack 4.39.2
  Asset      Size  Chunks             Chunk Names
main.js  1.27 KiB    main  [emitted]  main
Entrypoint main = main.js
[./test/fixtures/common/entry-a.js] 40 bytes {main} [built]"
`;

exports[`Flags > --plugin > should build #1 1`] = `"fa22d5da"`;
