// Jest Snapshot v1, https://goo.gl/fbAQLP

exports[`Flags > --prefetch > should apply #0 1`] = `
Object {
  "entry": "<PROJECT_ROOT>/test/fixtures/flags/prefetch/entry.js",
  "mode": "development",
  "plugins": Array [
    PrefetchPlugin {
      "request": "./test/fixtures/flags/prefetch/dependency.js",
    },
    NamedModulesPlugin {
      "options": Object {},
    },
  ],
  "reporter": "<PROJECT_ROOT>/test/fixtures/common/test-reporter.js",
}
`;

exports[`Flags > --prefetch > should build #0 1`] = `
"Version: webpack 4.39.2
  Asset      Size  Chunks             Chunk Names
main.js  4.56 KiB    main  [emitted]  main
Entrypoint main = main.js
[./test/fixtures/flags/prefetch/dependency.js] 52 bytes {main} [built] [prefetched]
[./test/fixtures/flags/prefetch/entry.js] 118 bytes {main} [built]"
`;

exports[`Flags > --prefetch > should build #1 1`] = `"382d6458"`;
