// Jest Snapshot v1, https://goo.gl/fbAQLP

exports[`Flags > --provide > should apply #0 1`] = `
Object {
  "entry": "<PROJECT_ROOT>/test/fixtures/common/entry-a.js",
  "mode": "development",
  "plugins": Array [
    ProvidePlugin {
      "definitions": Object {
        "$": "jquery",
        "jQuery": "jquery",
      },
    },
    NamedModulesPlugin {
      "options": Object {},
    },
  ],
  "reporter": "<PROJECT_ROOT>/test/fixtures/common/test-reporter.js",
}
`;

exports[`Flags > --provide > should build #0 1`] = `
"Version: webpack 4.39.2
  Asset      Size  Chunks             Chunk Names
main.js  3.92 KiB    main  [emitted]  main
Entrypoint main = main.js
[./test/fixtures/common/entry-a.js] 40 bytes {main} [built]"
`;

exports[`Flags > --provide > should build #1 1`] = `"fd728305"`;
