// Jest Snapshot v1, https://goo.gl/fbAQLP

exports[`Flags > --records-* > input-output should apply #0 1`] = `
Object {
  "entry": "<PROJECT_ROOT>/test/fixtures/common/entry-a.js",
  "mode": "development",
  "plugins": Array [
    NamedModulesPlugin {
      "options": Object {},
    },
  ],
  "recordsInputPath": "<PROJECT_ROOT>/dist/records-input.json",
  "recordsOutputPath": "<PROJECT_ROOT>/dist/records-output.json",
  "reporter": "<PROJECT_ROOT>/test/fixtures/common/test-reporter.js",
}
`;

exports[`Flags > --records-* > input-output should build #0 1`] = `
"Version: webpack 4.39.2
  Asset      Size  Chunks             Chunk Names
main.js  3.92 KiB    main  [emitted]  main
Entrypoint main = main.js
[./test/fixtures/common/entry-a.js] 40 bytes {main} [built]"
`;

exports[`Flags > --records-* > input-output should build #1 1`] = `"fd728305"`;

exports[`Flags > --records-* > path should apply #0 1`] = `
Object {
  "entry": "<PROJECT_ROOT>/test/fixtures/common/entry-a.js",
  "mode": "development",
  "plugins": Array [
    NamedModulesPlugin {
      "options": Object {},
    },
  ],
  "recordsPath": "<PROJECT_ROOT>/dist/records.json",
  "reporter": "<PROJECT_ROOT>/test/fixtures/common/test-reporter.js",
}
`;

exports[`Flags > --records-* > path should build #0 1`] = `
"Version: webpack 4.39.2
  Asset      Size  Chunks             Chunk Names
main.js  3.92 KiB    main  [emitted]  main
Entrypoint main = main.js
[./test/fixtures/common/entry-a.js] 40 bytes {main} [built]"
`;

exports[`Flags > --records-* > path should build #1 1`] = `"fd728305"`;
