// Jest Snapshot v1, https://goo.gl/fbAQLP

exports[`Flags > --reporter > basic reporter should apply #0 1`] = `
Object {
  "entry": "<PROJECT_ROOT>/test/fixtures/common/entry-a.js",
  "mode": "development",
  "plugins": Array [
    NamedModulesPlugin {
      "options": Object {},
    },
  ],
  "reporter": "basic",
  "stats": Object {
    "builtAt": false,
    "hash": false,
    "timings": false,
  },
}
`;

exports[`Flags > --reporter > basic reporter should build #0 1`] = `
"Version: webpack 4.39.2
  Asset      Size  Chunks             Chunk Names
main.js  <size>    main  [emitted]  main
Entrypoint main = main.js
[./test/fixtures/common/entry-a.js] 40 bytes {main} [built]"
`;

exports[`Flags > --reporter > basic reporter should build #1 1`] = `"bf58edd8"`;

exports[`Flags > --reporter > basic-multi reporter should apply #0 1`] = `
Array [
  Object {
    "entry": "<PROJECT_ROOT>/test/fixtures/common/entry-a.js",
    "mode": "development",
    "plugins": Array [
      NamedModulesPlugin {
        "options": Object {},
      },
    ],
    "reporter": "basic",
  },
  Object {
    "entry": Array [
      "<PROJECT_ROOT>/test/fixtures/common/entry-b.js",
      "<PROJECT_ROOT>/test/fixtures/common/entry-c.js",
    ],
    "mode": "development",
    "plugins": Array [
      NamedModulesPlugin {
        "options": Object {},
      },
    ],
    "reporter": "basic",
    "stats": Object {
      "builtAt": false,
      "hash": false,
      "timings": false,
    },
  },
]
`;

exports[`Flags > --reporter > basic-multi reporter should build #0 1`] = `
"Version: webpack 4.39.2
Child
      Asset      Size  Chunks             Chunk Names
    main.js  <size>    main  [emitted]  main
    Entrypoint main = main.js
    [./test/fixtures/common/entry-a.js] 40 bytes {main} [built]
Child
      Asset      Size  Chunks             Chunk Names
    main.js  <size>    main  [emitted]  main
    Entrypoint main = main.js
    [0] multi ./test/fixtures/common/entry-b.js ./test/fixtures/common/entry-c.js 40 bytes {main} [built]
    [./test/fixtures/common/entry-b.js] 40 bytes {main} [built]
    [./test/fixtures/common/entry-c.js] 40 bytes {main} [built]"
`;

exports[`Flags > --reporter > basic-multi reporter should build #1 1`] = `"430cf587"`;

exports[`Flags > --reporter > problems/stylish-problems reporter should apply #0 1`] = `
Object {
  "context": "<PROJECT_ROOT>",
  "entry": "<PROJECT_ROOT>/test/fixtures/flags/reporter/problems/entry-problems.js",
  "mode": "development",
  "plugins": Array [
    NamedModulesPlugin {
      "options": Object {},
    },
  ],
}
`;

exports[`Flags > --reporter > problems/stylish-problems reporter should build #0 1`] = `
"
webpack v4.3.0

c252c01aebc3791a5e6e
  size     name                     module                                                     status
  160 B    problems sync recursive  ./test/fixtures/flags/reporter/problems sync               built
  148 B    entry-problems.js        ./test/fixtures/flags/reporter/problems/entry-problems.js  built ⚠ ✖
  177 B    image.jpg                ./test/fixtures/flags/reporter/problems/image.jpg          built failed ✖

  size     name                     asset                                                      status
  4.96 kB  main                     main.js                                                    emitted

  <duration> 


./test/fixtures/flags/reporter/problems/entry-problems.js
  5:15  error    Module not found: Error: Can't resolve 'test' in
                 '<PROJECT_ROOT>/test/fixtures/flags/reporter/problems'
  2:12  warning  Critical dependency: require function is used in a way in which
                 dependencies cannot be statically extracted

./test/fixtures/flags/reporter/problems/image.jpg
  1:0  error  Module parse failed: Unexpected character '�' You may need an
              appropriate loader to handle this file type. (Source code omitted for
              this binary file)  @
              ./test/fixtures/flags/reporter/problems/entry-problems.js 7:0-22

✖ 3 problems (2 errors, 1 warning)"
`;

exports[`Flags > --reporter > stylish reporter should apply #0 1`] = `
Object {
  "context": "<PROJECT_ROOT>",
  "entry": "<PROJECT_ROOT>/test/fixtures/common/entry-a.js",
  "mode": "development",
  "plugins": Array [
    NamedModulesPlugin {
      "options": Object {},
    },
  ],
}
`;

exports[`Flags > --reporter > stylish reporter should build #0 1`] = `
"
webpack v4.3.0

2c2cd86350a8b0063c7b
  size     name        module                             status
  41 B     entry-a.js  ./test/fixtures/common/entry-a.js  built

  size     name        asset                              status
  3.03 kB  main        main.js                            emitted

  <duration> 
"
`;

exports[`Flags > --reporter > stylish reporter should build #1 1`] = `"bf58edd8"`;

exports[`Flags > --reporter > stylish-multi reporter should apply #0 1`] = `
Array [
  Object {
    "context": "<PROJECT_ROOT>",
    "entry": "<PROJECT_ROOT>/test/fixtures/common/entry-a.js",
    "mode": "development",
    "plugins": Array [
      NamedModulesPlugin {
        "options": Object {},
      },
    ],
  },
  Object {
    "context": "<PROJECT_ROOT>",
    "entry": Array [
      "<PROJECT_ROOT>/test/fixtures/common/entry-b.js",
      "<PROJECT_ROOT>/test/fixtures/common/entry-c.js",
    ],
    "mode": "development",
    "plugins": Array [
      NamedModulesPlugin {
        "options": Object {},
      },
    ],
  },
]
`;

exports[`Flags > --reporter > stylish-multi reporter should build #0 1`] = `
"
webpack v4.3.0

2c2cd86350a8b0063c7b
  size     name        module                             status
  41 B     entry-a.js  ./test/fixtures/common/entry-a.js  built

  size     name        asset                              status
  3.03 kB  main        main.js                            emitted

  <duration> 

a456539a5a4519ee4935
  size     name        module                                                                     status
  41 B     entry-b.js  ./test/fixtures/common/entry-b.js                                          built
  41 B     entry-c.js  ./test/fixtures/common/entry-c.js                                          built
  40 B     0           multi ./test/fixtures/common/entry-b.js ./test/fixtures/common/entry-c.js  built

  size     name        asset                                                                      status
  4.14 kB  main        main.js                                                                    emitted

  <duration> 

total <duration>"
`;

exports[`Flags > --reporter > stylish-multi reporter should build #1 1`] = `"430cf587"`;
